
--- ERROR 2026-01-16 23:00:27.230525 ---
Traceback (most recent call last):
  File "C:\Users\josue\AppData\Local\Programs\Python\Python312\Lib\site-packages\sqlalchemy\engine\base.py", line 1967, in _exec_single_context
    self.dialect.do_execute(
  File "C:\Users\josue\AppData\Local\Programs\Python\Python312\Lib\site-packages\sqlalchemy\engine\default.py", line 951, in do_execute
    cursor.execute(statement, parameters)
psycopg2.errors.UndefinedColumn: column nominas.mes does not exist
LINE 1: ...mina, nominas.id_empleado AS nominas_id_empleado, nominas.me...
                                                             ^


The above exception was the direct cause of the following exception:

Traceback (most recent call last):
  File "C:\Users\josue\OneDrive\Documentos\Universidad\6to semestre\Aplicaciones web II\Proyecto de semestre\chrispar_HHRR\backend\routes\nomina_routes.py", line 148, in listar_nominas
    nominas = query.all()
              ^^^^^^^^^^^
  File "C:\Users\josue\AppData\Local\Programs\Python\Python312\Lib\site-packages\sqlalchemy\orm\query.py", line 2704, in all
    return self._iter().all()  # type: ignore
           ^^^^^^^^^^^^
  File "C:\Users\josue\AppData\Local\Programs\Python\Python312\Lib\site-packages\sqlalchemy\orm\query.py", line 2857, in _iter
    result: Union[ScalarResult[_T], Result[_T]] = self.session.execute(
                                                  ^^^^^^^^^^^^^^^^^^^^^
  File "C:\Users\josue\AppData\Local\Programs\Python\Python312\Lib\site-packages\sqlalchemy\orm\session.py", line 2351, in execute
    return self._execute_internal(
           ^^^^^^^^^^^^^^^^^^^^^^^
  File "C:\Users\josue\AppData\Local\Programs\Python\Python312\Lib\site-packages\sqlalchemy\orm\session.py", line 2249, in _execute_internal
    result: Result[Any] = compile_state_cls.orm_execute_statement(
                          ^^^^^^^^^^^^^^^^^^^^^^^^^^^^^^^^^^^^^^^^
  File "C:\Users\josue\AppData\Local\Programs\Python\Python312\Lib\site-packages\sqlalchemy\orm\context.py", line 306, in orm_execute_statement
    result = conn.execute(
             ^^^^^^^^^^^^^
  File "C:\Users\josue\AppData\Local\Programs\Python\Python312\Lib\site-packages\sqlalchemy\engine\base.py", line 1419, in execute
    return meth(
           ^^^^^
  File "C:\Users\josue\AppData\Local\Programs\Python\Python312\Lib\site-packages\sqlalchemy\sql\elements.py", line 526, in _execute_on_connection
    return connection._execute_clauseelement(
           ^^^^^^^^^^^^^^^^^^^^^^^^^^^^^^^^^^
  File "C:\Users\josue\AppData\Local\Programs\Python\Python312\Lib\site-packages\sqlalchemy\engine\base.py", line 1641, in _execute_clauseelement
    ret = self._execute_context(
          ^^^^^^^^^^^^^^^^^^^^^^
  File "C:\Users\josue\AppData\Local\Programs\Python\Python312\Lib\site-packages\sqlalchemy\engine\base.py", line 1846, in _execute_context
    return self._exec_single_context(
           ^^^^^^^^^^^^^^^^^^^^^^^^^^
  File "C:\Users\josue\AppData\Local\Programs\Python\Python312\Lib\site-packages\sqlalchemy\engine\base.py", line 1986, in _exec_single_context
    self._handle_dbapi_exception(
  File "C:\Users\josue\AppData\Local\Programs\Python\Python312\Lib\site-packages\sqlalchemy\engine\base.py", line 2355, in _handle_dbapi_exception
    raise sqlalchemy_exception.with_traceback(exc_info[2]) from e
  File "C:\Users\josue\AppData\Local\Programs\Python\Python312\Lib\site-packages\sqlalchemy\engine\base.py", line 1967, in _exec_single_context
    self.dialect.do_execute(
  File "C:\Users\josue\AppData\Local\Programs\Python\Python312\Lib\site-packages\sqlalchemy\engine\default.py", line 951, in do_execute
    cursor.execute(statement, parameters)
sqlalchemy.exc.ProgrammingError: (psycopg2.errors.UndefinedColumn) column nominas.mes does not exist
LINE 1: ...mina, nominas.id_empleado AS nominas_id_empleado, nominas.me...
                                                             ^

[SQL: SELECT nominas.id_nomina AS nominas_id_nomina, nominas.id_empleado AS nominas_id_empleado, nominas.mes AS nominas_mes, nominas.sueldo_base AS nominas_sueldo_base, nominas.horas_extra AS nominas_horas_extra, nominas.total_desembolsar AS nominas_total_desembolsar, nominas.fecha_generacion AS nominas_fecha_generacion, nominas.creado_por AS nominas_creado_por, nominas.modificado_por AS nominas_modificado_por 
FROM nominas]
(Background on this error at: https://sqlalche.me/e/20/f405)
(psycopg2.errors.UndefinedColumn) column nominas.mes does not exist
LINE 1: ...mina, nominas.id_empleado AS nominas_id_empleado, nominas.me...
                                                             ^

[SQL: SELECT nominas.id_nomina AS nominas_id_nomina, nominas.id_empleado AS nominas_id_empleado, nominas.mes AS nominas_mes, nominas.sueldo_base AS nominas_sueldo_base, nominas.horas_extra AS nominas_horas_extra, nominas.total_desembolsar AS nominas_total_desembolsar, nominas.fecha_generacion AS nominas_fecha_generacion, nominas.creado_por AS nominas_creado_por, nominas.modificado_por AS nominas_modificado_por 
FROM nominas]
(Background on this error at: https://sqlalche.me/e/20/f405)